// Jest Snapshot v1, https://goo.gl/fbAQLP

exports[`index shows rules text 1`] = `
<div>
  <!---->
   
  <div>
    
    Carregando...
  
  </div>
</div>
`;
